Microchip MPLAB XC8 Compiler V2.46

Linker command line:

-W-3 \
  --edf=C:\Program Files\Microchip\xc8\v2.46\pic\dat\20240104201356_en.msgs \
  -cn -h+dist/default/production\TUTO_8.X.production.sym \
  --cmf=dist/default/production\TUTO_8.X.production.cmf -z -Q16F877A \
  -oC:\Users\PC-MAG~1\AppData\Local\Temp\xcAs8rg.\driver_tmp_3.o \
  --defsym=__MPLAB_BUILD=1 --fixupoverflow=error \
  -Mdist/default/production/TUTO_8.X.production.map \
  --md=C:\Users\PC-MAG~1\AppData\Local\Temp\xcAs8rg.\driver_tmp_0.dat -E1 \
  -ver=XC8 Compiler --acfsm=1493 -ACODE=00h-07FFhx4 -ASTRCODE=00h-01FFFh \
  -ASTRING=00h-0FFhx32 -ACONST=00h-0FFhx32 -AENTRY=00h-0FFhx32 \
  -ACOMMON=070h-07Fh -ABANK0=020h-06Fh -ABANK1=0A0h-0EFh \
  -ABANK2=0110h-016Fh -ABANK3=0190h-01EFh \
  -ARAM=020h-06Fh,0A0h-0EFh,0110h-016Fh,0190h-01EFh \
  -AABS1=020h-07Fh,0A0h-0EFh,0110h-016Fh,0190h-01EFh -ASFR0=00h-01Fh \
  -ASFR1=080h-09Fh -ASFR2=0100h-010Fh -ASFR3=0180h-018Fh \
  -ACONFIG=02007h-02007h -DCONFIG=2 -AIDLOC=02000h-02003h -DIDLOC=2 \
  -AEEDATA=00h-0FFh/02100h -peeprom_data=EEDATA -DEEDATA=2 -DCODE=2 \
  -DSTRCODE=2 -DSTRING=2 -DCONST=2 -DENTRY=2 \
  -preset_vec=00h,intentry=04h,sivt,init,end_init -ppowerup=CODE \
  -pcinit=CODE -pfunctab=ENTRY -k \
  C:\Users\PC-MAG~1\AppData\Local\Temp\xcAs8rg.\driver_tmp_17.o \
  dist/default/production\TUTO_8.X.production.o 

Object code version is 3.11

Machine type is 16F877A



                Name                               Link     Load   Length Selector   Space Scale
C:\Users\PC-MAG~1\AppData\Local\Temp\xcAs8rg.\driver_tmp_17.o
                end_init                              E        E        3        8       0
                reset_vec                             0        0        3        0       0
                config                             2007     2007        1        0       4
dist/default/production\TUTO_8.X.production.o
                cinit                                11       11       13        8       0
                intentry                              4        4        A        8       0
                config                             2007     2007        1        0       4
                text11                              14C      14C       96        8       0
                text10                              3DE      3DE        F      78E       0
                text9                               3ED      3ED        A      78E       0
                text8                               3C7      3C7       17      78E       0
                text7                               256      256       68        8       0
                text6                               318      318       56        8       0
                text5                               3FF      3FF        1      78E       0
                text4                               2BE      2BE       5A        8       0
                text3                                24       24      128        8       0
                text2                               36E      36E       21        8       0
                text1                               38F      38F       1F        8       0
                maintext                            1E2      1E2       74        8       0
                cstackBANK0                          20       20       30       20       1
                cstackCOMMON                         70       70        8       70       1
                cstackBANK1                          CA       CA       24       A0       1
                clrtext                             3F7      3F7        8      78E       0
                bssBANK1                             A0       A0       2A       A0       1
                bssBANK0                             50       50        1       20       1
                bssCOMMON                            78       78        3       70       1
                strings                             3AE      3AE       19      75C       0

TOTAL           Name                               Link     Load   Length     Space
        CLASS   CODE           
                end_init                              E        E        3         0
                cinit                                11       11       13         0
                intentry                              4        4        A         0
                reset_vec                             0        0        3         0
                text11                              14C      14C       96         0
                text10                              3DE      3DE        F         0
                text9                               3ED      3ED        A         0
                text8                               3C7      3C7       17         0
                text7                               256      256       68         0
                text6                               318      318       56         0
                text5                               3FF      3FF        1         0
                text4                               2BE      2BE       5A         0
                text3                                24       24      128         0
                text2                               36E      36E       21         0
                text1                               38F      38F       1F         0
                maintext                            1E2      1E2       74         0
                clrtext                             3F7      3F7        8         0

        CLASS   STRCODE        

        CLASS   STRING         
                strings                             3AE      3AE       19         0

        CLASS   CONST          

        CLASS   ENTRY          

        CLASS   COMMON         
                cstackCOMMON                         70       70        8         1
                bssCOMMON                            78       78        3         1

        CLASS   BANK0          
                cstackBANK0                          20       20       30         1
                bssBANK0                             50       50        1         1

        CLASS   BANK1          
                cstackBANK1                          CA       CA       24         1
                bssBANK1                             A0       A0       2A         1

        CLASS   BANK2          

        CLASS   BANK3          

        CLASS   RAM            

        CLASS   ABS1           
                abs_s1                               7E       7E        2         1

        CLASS   SFR0           

        CLASS   SFR1           

        CLASS   SFR2           

        CLASS   SFR3           

        CLASS   CONFIG         
                config                             2007     2007        1         4

        CLASS   IDLOC          

        CLASS   EEDATA         

        CLASS   HEAP           

        CLASS   STACK          



SEGMENTS        Name                           Load    Length   Top    Selector   Space  Class     Delta

                reset_vec                      000000  000003  000003         0       0  CODE        2
                intentry                       000004  0003AA  0003AE         8       0  CODE        2
                cstackBANK0                    000020  000031  000051        20       1  BANK0       1
                cstackCOMMON                   000070  00000B  00007B        70       1  COMMON      1
                bssBANK1                       0000A0  00004E  0000EE        A0       1  BANK1       1
                strings                        0003AE  000019  0003C7       75C       0  STRING      2
                text8                          0003C7  000039  000400       78E       0  CODE        2


UNUSED ADDRESS RANGES

        Name                Unused          Largest block    Delta
        BANK0            0051-006F             1F           1
        BANK1            00EE-00EF              2           1
        BANK2            0110-016F             60           1
        BANK3            0190-01EF             60           1
        CODE             0003-0003              1           2
                         0400-1FFF            800
        COMMON           007B-007D              3           1
        CONST            0003-0003              1           2
                         0400-1FFF            100
        EEDATA           2100-21FF            100           2
        ENTRY            0003-0003              1           2
                         0400-1FFF            100
        IDLOC            2000-2003              4           2
        RAM              0051-006F             1F           1
                         00EE-00EF              2
                         0110-016F             60
                         0190-01EF             60
        SFR0             0000-001F             20           1
        SFR1             0080-009F             20           1
        SFR2             0100-010F             10           1
        SFR3             0180-018F             10           1
        STRCODE          0003-0003              1           2
                         0400-1FFF           1C00
        STRING           0003-0003              1           2
                         0400-1FFF            100

                                  Symbol Table

?___lldiv                cstackBANK0  0020
?___llmod                cstackBANK0  0020
?_sprintf                cstackBANK0  003A
?_vfprintf               cstackBANK0  0036
UART_SendString@str      cstackCOMMON 0074
UART_Transmit@data       cstackCOMMON 0073
_INTCONbits              (abs)        000B
_ISR                     text11       014C
_PIE1bits                (abs)        008C
_PORTBbits               (abs)        0006
_PR2                     (abs)        0092
_RCSTAbits               (abs)        0018
_SPBRG                   (abs)        0099
_T2CONbits               (abs)        0012
_TMR2                    (abs)        0011
_TMR2IF                  (abs)        0061
_TRISBbits               (abs)        0086
_TRISC6                  (abs)        043E
_TRISC7                  (abs)        043F
_TXIF                    (abs)        0064
_TXREG                   (abs)        0019
_TXSTAbits               (abs)        0098
_UART_Init               text10       03DE
_UART_SendString         text8        03C7
_UART_Transmit           text9        03ED
__H__absolute__          __absolute__ 0000
__Habs1                  abs1         0000
__Hbank0                 bank0        0000
__Hbank1                 bank1        0000
__Hbank2                 bank2        0000
__Hbank3                 bank3        0000
__HbssBANK0              bssBANK0     0000
__HbssBANK1              bssBANK1     0000
__HbssCOMMON             bssCOMMON    0000
__Hcinit                 cinit        0024
__Hclrtext               clrtext      0000
__Hcode                  code         0000
__Hcommon                common       0000
__Hconfig                config       2008
__HcstackBANK0           cstackBANK0  0000
__HcstackBANK1           cstackBANK1  0000
__HcstackCOMMON          cstackCOMMON 0000
__Heeprom_data           eeprom_data  0000
__Hend_init              end_init     0011
__Hfunctab               functab      0000
__Hheap                  heap         0000
__Hinit                  init         000E
__Hintentry              intentry     000E
__Hmaintext              maintext     0000
__Hpowerup               powerup      0000
__Hram                   ram          0000
__Hreset_vec             reset_vec    0003
__Hsfr0                  sfr0         0000
__Hsfr1                  sfr1         0000
__Hsfr2                  sfr2         0000
__Hsfr3                  sfr3         0000
__Hsivt                  sivt         000E
__Hspace_0               (abs)        0400
__Hspace_1               (abs)        00EE
__Hspace_2               (abs)        0000
__Hspace_3               (abs)        0000
__Hspace_4               (abs)        400F
__Hstack                 stack        0000
__Hstrings               strings      0000
__Htext                  text         0000
__L__absolute__          __absolute__ 0000
__Labs1                  abs1         0000
__Lbank0                 bank0        0000
__Lbank1                 bank1        0000
__Lbank2                 bank2        0000
__Lbank3                 bank3        0000
__LbssBANK0              bssBANK0     0000
__LbssBANK1              bssBANK1     0000
__LbssCOMMON             bssCOMMON    0000
__Lcinit                 cinit        0011
__Lclrtext               clrtext      0000
__Lcode                  code         0000
__Lcommon                common       0000
__Lconfig                config       0000
__LcstackBANK0           cstackBANK0  0000
__LcstackBANK1           cstackBANK1  0000
__LcstackCOMMON          cstackCOMMON 0000
__Leeprom_data           eeprom_data  0000
__Lend_init              end_init     000E
__Lfunctab               functab      0000
__Lheap                  heap         0000
__Linit                  init         000E
__Lintentry              intentry     0004
__Lmaintext              maintext     0000
__Lpowerup               powerup      0000
__Lram                   ram          0000
__Lreset_vec             reset_vec    0000
__Lsfr0                  sfr0         0000
__Lsfr1                  sfr1         0000
__Lsfr2                  sfr2         0000
__Lsfr3                  sfr3         0000
__Lsivt                  sivt         000E
__Lspace_0               (abs)        0000
__Lspace_1               (abs)        0000
__Lspace_2               (abs)        0000
__Lspace_3               (abs)        0000
__Lspace_4               (abs)        0000
__Lstack                 stack        0000
__Lstrings               strings      0000
__Ltext                  text         0000
__S0                     (abs)        0400
__S1                     (abs)        00EE
__S3                     (abs)        0000
___heap_hi               (abs)        0000
___heap_lo               (abs)        0000
___int_sp                stack        0000
___int_stack_hi          stack        0000
___int_stack_lo          stack        0000
___latbits               (abs)        0002
___lldiv                 text7        0256
___lldiv@counter         cstackBANK0  002C
___lldiv@dividend        cstackBANK0  0024
___lldiv@divisor         cstackBANK0  0020
___lldiv@quotient        cstackBANK0  0028
___llmod                 text6        0318
___llmod@counter         cstackCOMMON 0074
___llmod@dividend        cstackBANK0  0024
___llmod@divisor         cstackBANK0  0020
___sp                    stack        0000
___stack_hi              stack        0000
___stack_lo              stack        0000
___stackhi               (abs)        0000
___stacklo               (abs)        0000
__end_of_ISR             text11       01E2
__end_of_UART_Init       text10       03ED
__end_of_UART_SendString text8        03DE
__end_of_UART_Transmit   text9        03F7
__end_of___lldiv         text7        02BE
__end_of___llmod         text6        036E
__end_of__initialization cinit        0020
__end_of__stringtab      strings      03B4
__end_of_fputc           text4        0318
__end_of_main            maintext     0256
__end_of_putch           text5        0400
__end_of_sprintf         text1        03AE
__end_of_vfpfcnvrt       text3        014C
__end_of_vfprintf        text2        038F
__initialization         cinit        0011
__pbssBANK0              bssBANK0     0050
__pbssBANK1              bssBANK1     00A0
__pbssCOMMON             bssCOMMON    0078
__pcstackBANK0           cstackBANK0  0020
__pcstackBANK1           cstackBANK1  00CA
__pcstackCOMMON          cstackCOMMON 0070
__pintentry              intentry     0004
__pmaintext              maintext     01E2
__pstrings               strings      03AE
__ptext1                 text1        038F
__ptext10                text10       03DE
__ptext11                text11       014C
__ptext2                 text2        036E
__ptext3                 text3        0024
__ptext4                 text4        02BE
__ptext5                 text5        03FF
__ptext6                 text6        0318
__ptext7                 text7        0256
__ptext8                 text8        03C7
__ptext9                 text9        03ED
__stringbase             strings      03B3
__stringtab              strings      03AE
_dbuf                    bssBANK1     00A0
_flags                   bssBANK0     0050
_fputc                   text4        02BE
_interrupt_count1        bssCOMMON    007A
_interrupt_count2        bssCOMMON    0078
_interrupt_count3        bssBANK1     00C8
_interrupt_count4        bssBANK1     00C6
_interrupt_count5        bssBANK1     00C4
_main                    maintext     01E2
_prec                    bssBANK1     00C2
_putch                   text5        03FF
_sprintf                 text1        038F
_vfpfcnvrt               text3        0024
_vfprintf                text2        036E
_width                   bssBANK1     00C0
btemp                    (abs)        007E
clear_ram0               clrtext      03F7
end_of_initialization    cinit        0020
fputc@c                  cstackCOMMON 0073
fputc@fp                 cstackCOMMON 0075
interrupt_function       intentry     0004
intlevel0                functab      0000
intlevel1                functab      0000
intlevel2                functab      0000
intlevel3                functab      0000
intlevel4                functab      0000
intlevel5                functab      0000
main@buffer              cstackBANK1  00CA
main@loop_counter        cstackBANK1  00EA
reset_vec                reset_vec    0000
saved_w                  (abs)        007E
sprintf@ap               cstackBANK0  0041
sprintf@f                cstackBANK0  0042
sprintf@fmt              cstackBANK0  003A
sprintf@s                cstackBANK0  0040
start                    init         000E
start_initialization     cinit        0011
vfpfcnvrt@ap             cstackBANK0  002E
vfpfcnvrt@c              cstackBANK0  0035
vfpfcnvrt@convarg        cstackBANK0  0030
vfpfcnvrt@cp             cstackBANK0  0034
vfpfcnvrt@fmt            cstackBANK0  002D
vfpfcnvrt@fp             cstackBANK0  002F
vfprintf@ap              cstackBANK0  0037
vfprintf@cfmt            cstackBANK0  0039
vfprintf@fmt             cstackBANK0  0036
vfprintf@fp              cstackBANK0  0038
wtemp0                   (abs)        007E


MODULE INFORMATION

Module		Function		Class		Link	Load	Size
C:\Program Files\Microchip\xc8\v2.46\pic\sources\c99\common\nf_fputc.c
		_fputc         		CODE           	02BE	0000	90

C:\Program Files\Microchip\xc8\v2.46\pic\sources\c99\common\nf_fputc.c estimated size: 90

newmain.c
		_UART_SendString		CODE           	03C7	0000	23
		_ISR           		CODE           	014C	0000	150
		_UART_Init     		CODE           	03DE	0000	15
		_main          		CODE           	01E2	0000	116
		_UART_Transmit 		CODE           	03ED	0000	10

newmain.c estimated size: 314

C:\Program Files\Microchip\xc8\v2.46\pic\sources\c99\common\doprnt.c
		_vfpfcnvrt     		CODE           	0024	0000	296
		_vfprintf      		CODE           	036E	0000	33

C:\Program Files\Microchip\xc8\v2.46\pic\sources\c99\common\doprnt.c estimated size: 329

C:\Program Files\Microchip\xc8\v2.46\pic\sources\c99\common\nf_sprintf.c
		_sprintf       		CODE           	038F	0000	31

C:\Program Files\Microchip\xc8\v2.46\pic\sources\c99\common\nf_sprintf.c estimated size: 31

shared
		__stringtab    		STRING         	03AE	0000	6
		__initialization		CODE           	0011	0000	15

shared estimated size: 21

C:\Program Files\Microchip\xc8\v2.46\pic\sources\c99\common\__lldiv.c
		___lldiv       		CODE           	0256	0000	104

C:\Program Files\Microchip\xc8\v2.46\pic\sources\c99\common\__lldiv.c estimated size: 104

C:\Program Files\Microchip\xc8\v2.46\pic\sources\c99\common\putch.c
		_putch         		CODE           	03FF	0000	1

C:\Program Files\Microchip\xc8\v2.46\pic\sources\c99\common\putch.c estimated size: 1

C:\Program Files\Microchip\xc8\v2.46\pic\sources\c99\common\llmod.c
		___llmod       		CODE           	0318	0000	86

C:\Program Files\Microchip\xc8\v2.46\pic\sources\c99\common\llmod.c estimated size: 86

