Microchip MPLAB XC8 Compiler V2.50

Linker command line:

-W-3 \
  --edf=C:\Program Files\Microchip\xc8\v2.50\pic\dat\20240725155939_en.msgs \
  -cn -h+dist/default/production\TUTO_04.X.production.sym \
  --cmf=dist/default/production\TUTO_04.X.production.cmf -z -Q16F877A \
  -oC:\Users\pc1\AppData\Local\Temp\xcAs17o.\driver_tmp_3.o \
  --defsym=__MPLAB_BUILD=1 --fixupoverflow=error \
  -Mdist/default/production/TUTO_04.X.production.map \
  --md=C:\Users\pc1\AppData\Local\Temp\xcAs17o.\driver_tmp_0.dat -E1 \
  -ver=XC8 Compiler --acfsm=1493 -ACODE=00h-07FFhx4 -ASTRCODE=00h-01FFFh \
  -ASTRING=00h-0FFhx32 -ACONST=00h-0FFhx32 -AENTRY=00h-0FFhx32 \
  -ACOMMON=070h-07Fh -ABANK0=020h-06Fh -ABANK1=0A0h-0EFh \
  -ABANK2=0110h-016Fh -ABANK3=0190h-01EFh \
  -ARAM=020h-06Fh,0A0h-0EFh,0110h-016Fh,0190h-01EFh \
  -AABS1=020h-07Fh,0A0h-0EFh,0110h-016Fh,0190h-01EFh -ASFR0=00h-01Fh \
  -ASFR1=080h-09Fh -ASFR2=0100h-010Fh -ASFR3=0180h-018Fh \
  -ACONFIG=02007h-02007h -DCONFIG=2 -AIDLOC=02000h-02003h -DIDLOC=2 \
  -AEEDATA=00h-0FFh/02100h -peeprom_data=EEDATA -DEEDATA=2 -DCODE=2 \
  -DSTRCODE=2 -DSTRING=2 -DCONST=2 -DENTRY=2 \
  -preset_vec=00h,intentry,sivt,init,end_init -ppowerup=CODE -pcinit=CODE \
  -pfunctab=ENTRY -k \
  C:\Users\pc1\AppData\Local\Temp\xcAs17o.\driver_tmp_12.o \
  dist/default/production\TUTO_04.X.production.o 

Object code version is 3.11

Machine type is 16F877A



                Name                               Link     Load   Length Selector   Space Scale
C:\Users\pc1\AppData\Local\Temp\xcAs17o.\driver_tmp_12.o
                end_init                              0        0        3        0       0
                config                             2007     2007        1        0       4
dist/default/production\TUTO_04.X.production.o
                cinit                               7FC      7FC        4      FF8       0
                config                             2007     2007        1        0       4
                text7                               6EC      6EC        9      DD8       0
                text6                               6E4      6E4        8      DC8       0
                text5                               73D      73D       43      E7A       0
                text4                               705      705       12      E0A       0
                text3                               6DE      6DE        6      DBC       0
                text2                               6F5      6F5       10      DEA       0
                text1                               717      717       26      E2E       0
                maintext                            780      780       7C      F00       0
                cstackBANK0                          20       20       32       20       1
                cstackCOMMON                         70       70        9       70       1
                strings                               3        3       76        6       0

TOTAL           Name                               Link     Load   Length     Space
        CLASS   CODE           
                end_init                              0        0        3         0
                cinit                               7FC      7FC        4         0
                text7                               6EC      6EC        9         0
                text6                               6E4      6E4        8         0
                text5                               73D      73D       43         0
                text4                               705      705       12         0
                text3                               6DE      6DE        6         0
                text2                               6F5      6F5       10         0
                text1                               717      717       26         0
                maintext                            780      780       7C         0

        CLASS   STRCODE        

        CLASS   STRING         
                strings                               3        3       76         0

        CLASS   CONST          

        CLASS   ENTRY          

        CLASS   COMMON         
                cstackCOMMON                         70       70        9         1

        CLASS   BANK0          
                cstackBANK0                          20       20       32         1

        CLASS   BANK1          

        CLASS   BANK2          

        CLASS   BANK3          

        CLASS   RAM            

        CLASS   ABS1           
                abs_s1                               7E       7E        2         1

        CLASS   SFR0           

        CLASS   SFR1           

        CLASS   SFR2           

        CLASS   SFR3           

        CLASS   CONFIG         
                config                             2007     2007        1         4

        CLASS   IDLOC          

        CLASS   EEDATA         

        CLASS   HEAP           

        CLASS   STACK          



SEGMENTS        Name                           Load    Length   Top    Selector   Space  Class     Delta

                reset_vec                      000000  000003  000003         0       0  CODE        2
                strings                        000003  000076  000079         6       0  STRING      2
                cstackBANK0                    000020  000032  000052        20       1  BANK0       1
                cstackCOMMON                   000070  000009  000079        70       1  COMMON      1
                text3                          0006DE  000006  0006E4       DBC       0  CODE        2
                text6                          0006E4  000008  0006EC       DC8       0  CODE        2
                text7                          0006EC  000009  0006F5       DD8       0  CODE        2
                text2                          0006F5  000010  000705       DEA       0  CODE        2
                text4                          000705  000012  000717       E0A       0  CODE        2
                text1                          000717  000026  00073D       E2E       0  CODE        2
                text5                          00073D  000043  000780       E7A       0  CODE        2
                maintext                       000780  00007C  0007FC       F00       0  CODE        2
                cinit                          0007FC  000004  000800       FF8       0  CODE        2


UNUSED ADDRESS RANGES

        Name                Unused          Largest block    Delta
        BANK0            0052-006F             1E           1
        BANK1            00A0-00EF             50           1
        BANK2            0110-016F             60           1
        BANK3            0190-01EF             60           1
        CODE             0079-06DD            665           2
                         0800-1FFF            800
        COMMON           0079-007D              5           1
        CONST            0079-06DD            100           2
                         0800-1FFF            100
        EEDATA           2100-21FF            100           2
        ENTRY            0079-06DD            100           2
                         0800-1FFF            100
        IDLOC            2000-2003              4           2
        RAM              0052-006F             1E           1
                         00A0-00EF             50
                         0110-016F             60
                         0190-01EF             60
        SFR0             0000-001F             20           1
        SFR1             0080-009F             20           1
        SFR2             0100-010F             10           1
        SFR3             0180-018F             10           1
        STRCODE          0079-06DD            665           2
                         0800-1FFF           1800
        STRING           0079-06DD            100           2
                         0800-1FFF            100

                                  Symbol Table

UART_Read_Text@buffer        cstackCOMMON 0070
UART_Read_Text@i             cstackCOMMON 0074
UART_Read_Text@max_length    cstackCOMMON 0071
UART_Read_Text@received_char cstackCOMMON 0075
UART_Write@data              cstackCOMMON 0070
UART_Write_Text@text         cstackCOMMON 0071
_BRGH                        (abs)        04C2
_CREN                        (abs)        00C4
_LED_Init                    text7        06EC
_RA0                         (abs)        0028
_RA1                         (abs)        0029
_RCIF                        (abs)        0065
_RCREG                       (abs)        001A
_SPBRG                       (abs)        0099
_SPEN                        (abs)        00C7
_SYNC                        (abs)        04C4
_TRISA0                      (abs)        0428
_TRISA1                      (abs)        0429
_TRISC6                      (abs)        043E
_TRISC7                      (abs)        043F
_TRMT                        (abs)        04C1
_TXEN                        (abs)        04C5
_TXREG                       (abs)        0019
_UART_Read                   text6        06E4
_UART_Read_Text              text5        073D
_UART_TX_Empty               text3        06DE
_UART_TX_Init                text4        0705
_UART_Write                  text2        06F5
_UART_Write_Text             text1        0717
__H__absolute__              __absolute__ 0000
__Habs1                      abs1         0000
__Hbank0                     bank0        0000
__Hbank1                     bank1        0000
__Hbank2                     bank2        0000
__Hbank3                     bank3        0000
__Hcinit                     cinit        0800
__Hclrtext                   clrtext      0000
__Hcode                      code         0000
__Hcommon                    common       0000
__Hconfig                    config       2008
__HcstackBANK0               cstackBANK0  0000
__HcstackCOMMON              cstackCOMMON 0000
__Heeprom_data               eeprom_data  0000
__Hend_init                  end_init     0003
__Hfunctab                   functab      0000
__Hheap                      heap         0000
__Hinit                      init         0000
__Hintentry                  intentry     0000
__Hmaintext                  maintext     0000
__Hpowerup                   powerup      0000
__Hram                       ram          0000
__Hreset_vec                 reset_vec    0000
__Hsfr0                      sfr0         0000
__Hsfr1                      sfr1         0000
__Hsfr2                      sfr2         0000
__Hsfr3                      sfr3         0000
__Hsivt                      sivt         0000
__Hspace_0                   (abs)        0800
__Hspace_1                   (abs)        0079
__Hspace_2                   (abs)        0000
__Hspace_3                   (abs)        0000
__Hspace_4                   (abs)        400F
__Hstack                     stack        0000
__Hstrings                   strings      0000
__Htext                      text         0000
__L__absolute__              __absolute__ 0000
__Labs1                      abs1         0000
__Lbank0                     bank0        0000
__Lbank1                     bank1        0000
__Lbank2                     bank2        0000
__Lbank3                     bank3        0000
__Lcinit                     cinit        07FC
__Lclrtext                   clrtext      0000
__Lcode                      code         0000
__Lcommon                    common       0000
__Lconfig                    config       0000
__LcstackBANK0               cstackBANK0  0000
__LcstackCOMMON              cstackCOMMON 0000
__Leeprom_data               eeprom_data  0000
__Lend_init                  end_init     0000
__Lfunctab                   functab      0000
__Lheap                      heap         0000
__Linit                      init         0000
__Lintentry                  intentry     0000
__Lmaintext                  maintext     0000
__Lpowerup                   powerup      0000
__Lram                       ram          0000
__Lreset_vec                 reset_vec    0000
__Lsfr0                      sfr0         0000
__Lsfr1                      sfr1         0000
__Lsfr2                      sfr2         0000
__Lsfr3                      sfr3         0000
__Lsivt                      sivt         0000
__Lspace_0                   (abs)        0000
__Lspace_1                   (abs)        0000
__Lspace_2                   (abs)        0000
__Lspace_3                   (abs)        0000
__Lspace_4                   (abs)        0000
__Lstack                     stack        0000
__Lstrings                   strings      0000
__Ltext                      text         0000
__S0                         (abs)        0800
__S1                         (abs)        0079
__S3                         (abs)        0000
___heap_hi                   (abs)        0000
___heap_lo                   (abs)        0000
___int_sp                    stack        0000
___int_stack_hi              stack        0000
___int_stack_lo              stack        0000
___latbits                   (abs)        0002
___sp                        stack        0000
___stack_hi                  stack        0000
___stack_lo                  stack        0000
___stackhi                   (abs)        0000
___stacklo                   (abs)        0000
__end_of_LED_Init            text7        06F5
__end_of_UART_Read           text6        06EC
__end_of_UART_Read_Text      text5        0780
__end_of_UART_TX_Empty       text3        06E4
__end_of_UART_TX_Init        text4        0717
__end_of_UART_Write          text2        0705
__end_of_UART_Write_Text     text1        073D
__end_of__initialization     cinit        07FC
__end_of__stringtab          strings      0013
__end_of_main                maintext     07FC
__initialization             cinit        07FC
__pcstackBANK0               cstackBANK0  0020
__pcstackCOMMON              cstackCOMMON 0070
__pmaintext                  maintext     0780
__pstrings                   strings      0003
__ptext1                     text1        0717
__ptext2                     text2        06F5
__ptext3                     text3        06DE
__ptext4                     text4        0705
__ptext5                     text5        073D
__ptext6                     text6        06E4
__ptext7                     text7        06EC
__stringbase                 strings      0012
__stringtab                  strings      0003
_main                        maintext     0780
btemp                        (abs)        007E
end_of_initialization        cinit        07FC
intlevel0                    functab      0000
intlevel1                    functab      0000
intlevel2                    functab      0000
intlevel3                    functab      0000
intlevel4                    functab      0000
intlevel5                    functab      0000
main@received_data           cstackBANK0  0020
reset_vec                    reset_vec    0000
start                        init         0000
start_initialization         cinit        07FC
wtemp0                       (abs)        007E


MODULE INFORMATION

Module		Function		Class		Link	Load	Size
newmain.c
		_UART_TX_Empty 		CODE           	06DE	0000	6
		_LED_Init      		CODE           	06EC	0000	9
		_UART_Read     		CODE           	06E4	0000	8
		_main          		CODE           	0780	0000	124
		_UART_Write_Text		CODE           	0717	0000	38
		_UART_Read_Text		CODE           	073D	0000	67
		_UART_Write    		CODE           	06F5	0000	16
		_UART_TX_Init  		CODE           	0705	0000	18

newmain.c estimated size: 286

shared
		__stringtab    		STRING         	0003	0000	16
		__initialization		CODE           	07FC	0000	1

shared estimated size: 17

