Microchip MPLAB XC8 Compiler V2.46

Linker command line:

-W-3 \
  --edf=C:\Program Files\Microchip\xc8\v2.46\pic\dat\20240104201356_en.msgs \
  -cn -h+dist/default/production\TUTO_7.X.production.sym \
  --cmf=dist/default/production\TUTO_7.X.production.cmf -z -Q16F877A \
  -oC:\Users\PC-MAG~1\AppData\Local\Temp\xcAscp8.\driver_tmp_3.o \
  --defsym=__MPLAB_BUILD=1 --fixupoverflow=error \
  -Mdist/default/production/TUTO_7.X.production.map \
  --md=C:\Users\PC-MAG~1\AppData\Local\Temp\xcAscp8.\driver_tmp_0.dat -E1 \
  -ver=XC8 Compiler --acfsm=1493 -ACODE=00h-07FFhx4 -ASTRCODE=00h-01FFFh \
  -ASTRING=00h-0FFhx32 -ACONST=00h-0FFhx32 -AENTRY=00h-0FFhx32 \
  -ACOMMON=070h-07Fh -ABANK0=020h-06Fh -ABANK1=0A0h-0EFh \
  -ABANK2=0110h-016Fh -ABANK3=0190h-01EFh \
  -ARAM=020h-06Fh,0A0h-0EFh,0110h-016Fh,0190h-01EFh \
  -AABS1=020h-07Fh,0A0h-0EFh,0110h-016Fh,0190h-01EFh -ASFR0=00h-01Fh \
  -ASFR1=080h-09Fh -ASFR2=0100h-010Fh -ASFR3=0180h-018Fh \
  -ACONFIG=02007h-02007h -DCONFIG=2 -AIDLOC=02000h-02003h -DIDLOC=2 \
  -AEEDATA=00h-0FFh/02100h -peeprom_data=EEDATA -DEEDATA=2 -DCODE=2 \
  -DSTRCODE=2 -DSTRING=2 -DCONST=2 -DENTRY=2 \
  -preset_vec=00h,intentry=04h,sivt,init,end_init -ppowerup=CODE \
  -pcinit=CODE -pfunctab=ENTRY -k \
  C:\Users\PC-MAG~1\AppData\Local\Temp\xcAscp8.\driver_tmp_17.o \
  dist/default/production\TUTO_7.X.production.o 

Object code version is 3.11

Machine type is 16F877A



                Name                               Link     Load   Length Selector   Space Scale
C:\Users\PC-MAG~1\AppData\Local\Temp\xcAscp8.\driver_tmp_17.o
                end_init                             10       10        3        8       0
                reset_vec                             0        0        3        0       0
                config                             2007     2007        1        0       4
dist/default/production\TUTO_7.X.production.o
                cinit                                13       13       1A        8       0
                intentry                              4        4        C        8       0
                text6_split_2                        2D       2D      5AC        8       0
                text6_split_1                       A2C      A2C      28F     1458       0
                config                             2007     2007        1        0       4
                text29                             1EEE     1EEE       2A     3DDC       0
                text28                             100C     100C       2D     2018       0
                text27                             1F18     1F18       2A     3E30       0
                text26                             11C8     11C8       BA     2390       0
                text25                             1DEF     1DEF       21     3BDE       0
                text24                              5D9      5D9      1CF        8       0
                text23                              7A8      7A8       50        8       0
                text22                             1124     1124       A4     2248       0
                text21                             1EC5     1EC5       29     3D8A       0
                text20                              CBB      CBB      345     1976       0
                text19                             1DAE     1DAE        D     3B5C       0
                text18                             15A8     15A8      258     2B50       0
                text17                             1E52     1E52       24     3CA4       0
                text16                              801      801       78     1002       0
                text15                             1097     1097       8D     212E       0
                text14                              879      879      1B3     10F2       0
                text13                             1DBB     1DBB       17     3B76       0
                text12                             1E9D     1E9D       28     3D3A       0
                text11                                3        3        1        0       0
                text10                             1FA6     1FA6       5A     3F4C       0
                text9                              1F42     1F42       2A     3E84       0
                text8                              1F6C     1F6C       3A     3ED8       0
                text7                              1DD2     1DD2       1D     3BA4       0
                text6                              144B     144B      15D     2896       0
                text5                              1E76     1E76       27     3CEC       0
                text4                              1039     1039       5E     2072       0
                text3                              1348     1348      103     2690       0
                text2                              1E10     1E10       21     3C20       0
                text1                              1E31     1E31       21     3C62       0
                maintext                           1282     1282       C6     2504       0
                cstackBANK0                          20       20       50       20       1
                cstackCOMMON                         70       70        9       70       1
                cstackBANK1                          A0       A0       50       A0       1
                cstackBANK3                         190      190       37      190       1
                clrtext                             7F8      7F8        8        8       0
                bssBANK2                            110      110       50      110       1
                bssBANK3                            1C7      1C7        8      190       1
                bssCOMMON                            79       79        5       70       1
                strings                            1800     1800       3F     3000       0

TOTAL           Name                               Link     Load   Length     Space
        CLASS   CODE           
                end_init                             10       10        3         0
                cinit                                13       13       1A         0
                intentry                              4        4        C         0
                reset_vec                             0        0        3         0
                text6_split_2                        2D       2D      5AC         0
                text6_split_1                       A2C      A2C      28F         0
                text29                             1EEE     1EEE       2A         0
                text28                             100C     100C       2D         0
                text27                             1F18     1F18       2A         0
                text26                             11C8     11C8       BA         0
                text25                             1DEF     1DEF       21         0
                text24                              5D9      5D9      1CF         0
                text23                              7A8      7A8       50         0
                text22                             1124     1124       A4         0
                text21                             1EC5     1EC5       29         0
                text20                              CBB      CBB      345         0
                text19                             1DAE     1DAE        D         0
                text18                             15A8     15A8      258         0
                text17                             1E52     1E52       24         0
                text16                              801      801       78         0
                text15                             1097     1097       8D         0
                text14                              879      879      1B3         0
                text13                             1DBB     1DBB       17         0
                text12                             1E9D     1E9D       28         0
                text11                                3        3        1         0
                text10                             1FA6     1FA6       5A         0
                text9                              1F42     1F42       2A         0
                text8                              1F6C     1F6C       3A         0
                text7                              1DD2     1DD2       1D         0
                text6                              144B     144B      15D         0
                text5                              1E76     1E76       27         0
                text4                              1039     1039       5E         0
                text3                              1348     1348      103         0
                text2                              1E10     1E10       21         0
                text1                              1E31     1E31       21         0
                maintext                           1282     1282       C6         0
                clrtext                             7F8      7F8        8         0

        CLASS   STRCODE        

        CLASS   STRING         
                strings                            1800     1800       3F         0

        CLASS   CONST          

        CLASS   ENTRY          

        CLASS   COMMON         
                cstackCOMMON                         70       70        9         1
                bssCOMMON                            79       79        5         1

        CLASS   BANK0          
                cstackBANK0                          20       20       50         1

        CLASS   BANK1          
                cstackBANK1                          A0       A0       50         1

        CLASS   BANK2          
                bssBANK2                            110      110       50         1

        CLASS   BANK3          
                cstackBANK3                         190      190       37         1
                bssBANK3                            1C7      1C7        8         1

        CLASS   RAM            

        CLASS   ABS1           
                abs_s1                               7E       7E        2         1

        CLASS   SFR0           

        CLASS   SFR1           

        CLASS   SFR2           

        CLASS   SFR3           

        CLASS   CONFIG         
                config                             2007     2007        1         4

        CLASS   IDLOC          

        CLASS   EEDATA         

        CLASS   HEAP           

        CLASS   STACK          



SEGMENTS        Name                           Load    Length   Top    Selector   Space  Class     Delta

                reset_vec                      000000  000004  000004         0       0  CODE        2
                intentry                       000004  0007FC  000800         8       0  CODE        2
                cstackBANK0                    000020  000050  000070        20       1  BANK0       1
                cstackCOMMON                   000070  00000E  00007E        70       1  COMMON      1
                cstackBANK1                    0000A0  000050  0000F0        A0       1  BANK1       1
                bssBANK2                       000110  000050  000160       110       1  BANK2       1
                cstackBANK3                    000190  00003F  0001CF       190       1  BANK3       1
                text16                         000801  000078  000879      1002       0  CODE        2
                text14                         000879  0001B3  000A2C      10F2       0  CODE        2
                text6_split_1                  000A2C  00028F  000CBB      1458       0  CODE        2
                text20                         000CBB  000345  001000      1976       0  CODE        2
                text28                         00100C  00002D  001039      2018       0  CODE        2
                text4                          001039  00005E  001097      2072       0  CODE        2
                text15                         001097  00008D  001124      212E       0  CODE        2
                text22                         001124  0000A4  0011C8      2248       0  CODE        2
                text26                         0011C8  0000BA  001282      2390       0  CODE        2
                maintext                       001282  0000C6  001348      2504       0  CODE        2
                text3                          001348  000103  00144B      2690       0  CODE        2
                text6                          00144B  00015D  0015A8      2896       0  CODE        2
                text18                         0015A8  000258  001800      2B50       0  CODE        2
                strings                        001800  00003F  00183F      3000       0  STRING      2
                text19                         001DAE  00000D  001DBB      3B5C       0  CODE        2
                text13                         001DBB  000017  001DD2      3B76       0  CODE        2
                text7                          001DD2  00001D  001DEF      3BA4       0  CODE        2
                text25                         001DEF  000021  001E10      3BDE       0  CODE        2
                text2                          001E10  000021  001E31      3C20       0  CODE        2
                text1                          001E31  000021  001E52      3C62       0  CODE        2
                text17                         001E52  000024  001E76      3CA4       0  CODE        2
                text5                          001E76  000027  001E9D      3CEC       0  CODE        2
                text12                         001E9D  000028  001EC5      3D3A       0  CODE        2
                text21                         001EC5  000029  001EEE      3D8A       0  CODE        2
                text29                         001EEE  00002A  001F18      3DDC       0  CODE        2
                text27                         001F18  00002A  001F42      3E30       0  CODE        2
                text9                          001F42  00002A  001F6C      3E84       0  CODE        2
                text8                          001F6C  00003A  001FA6      3ED8       0  CODE        2
                text10                         001FA6  00005A  002000      3F4C       0  CODE        2


UNUSED ADDRESS RANGES

        Name                Unused          Largest block    Delta
        BANK2            000160-00016F               10           1
        BANK3            0001CF-0001EF               21           1
        CODE             000800-000800                1           2
                         001000-00100B                C
                         00183F-001DAD              56F
        CONST            000800-000800                1           2
                         001000-00100B                C
                         00183F-001DAD              100
        EEDATA           002100-0021FF              100           2
        ENTRY            000800-000800                1           2
                         001000-00100B                C
                         00183F-001DAD              100
        IDLOC            002000-002003                4           2
        RAM              000160-00016F               10           1
                         0001CF-0001EF               21
        SFR0             000000-00001F               20           1
        SFR1             000080-00009F               20           1
        SFR2             000100-00010F               10           1
        SFR3             000180-00018F               10           1
        STRCODE          000800-000800                1           2
                         001000-00100B                C
                         00183F-001DAD              56F
        STRING           000800-000800                1           2
                         001000-00100B                C
                         00183F-001DAD              100

                                  Symbol Table

?__Umul8_16                 cstackBANK0  000020
?___fladd                   cstackBANK0  000020
?___fldiv                   cstackBANK0  000048
?___flmul                   cstackBANK0  00002E
?___flneg                   cstackBANK0  000020
?___flsub                   cstackBANK0  000048
?___fltol                   cstackBANK0  000020
?___fpclassifyf             cstackBANK0  000020
?___wmul                    cstackBANK0  000020
?___xxtofl                  cstackBANK0  000020
?_floorf                    cstackBANK0  000062
?_labs                      cstackBANK0  000020
?_read_prec_or_width        cstackBANK0  000026
?_sprintf                   cstackBANK1  0000EB
?_vfprintf                  cstackBANK1  0000E7
UART_send_string@str        cstackBANK0  000020
_ADCON0                     (abs)        00001F
_ADCON0bits                 (abs)        00001F
_ADCON1                     (abs)        00009F
_ADRESH                     (abs)        00001E
_ADRESL                     (abs)        00009E
_INTCONbits                 (abs)        00000B
_ISR                        text28       00100C
_OPTION_REGbits             (abs)        000081
_PORTD                      (abs)        000008
_PORTDbits                  (abs)        000008
_RCSTAbits                  (abs)        000018
_SPBRG                      (abs)        000099
_TRISA                      (abs)        000085
_TRISB                      (abs)        000086
_TRISD                      (abs)        000088
_TXREG                      (abs)        000019
_TXSTAbits                  (abs)        000098
_UART_send_string           text27       001F18
__H__absolute__             __absolute__ 000000
__Habs1                     abs1         000000
__Hbank0                    bank0        000000
__Hbank1                    bank1        000000
__Hbank2                    bank2        000000
__Hbank3                    bank3        000000
__HbssBANK2                 bssBANK2     000000
__HbssBANK3                 bssBANK3     000000
__HbssCOMMON                bssCOMMON    000000
__Hcinit                    cinit        00002D
__Hclrtext                  clrtext      000000
__Hcode                     code         000000
__Hcommon                   common       000000
__Hconfig                   config       002008
__HcstackBANK0              cstackBANK0  000000
__HcstackBANK1              cstackBANK1  000000
__HcstackBANK3              cstackBANK3  000000
__HcstackCOMMON             cstackCOMMON 000000
__Heeprom_data              eeprom_data  000000
__Hend_init                 end_init     000013
__Hfunctab                  functab      000000
__Hheap                     heap         000000
__Hinit                     init         000010
__Hintentry                 intentry     000010
__Hmaintext                 maintext     000000
__Hpowerup                  powerup      000000
__Hram                      ram          000000
__Hreset_vec                reset_vec    000003
__Hsfr0                     sfr0         000000
__Hsfr1                     sfr1         000000
__Hsfr2                     sfr2         000000
__Hsfr3                     sfr3         000000
__Hsivt                     sivt         000010
__Hspace_0                  (abs)        002000
__Hspace_1                  (abs)        0001CF
__Hspace_2                  (abs)        000000
__Hspace_3                  (abs)        000000
__Hspace_4                  (abs)        00400F
__Hstack                    stack        000000
__Hstrings                  strings      000000
__Htext                     text         000000
__L__absolute__             __absolute__ 000000
__Labs1                     abs1         000000
__Lbank0                    bank0        000000
__Lbank1                    bank1        000000
__Lbank2                    bank2        000000
__Lbank3                    bank3        000000
__LbssBANK2                 bssBANK2     000000
__LbssBANK3                 bssBANK3     000000
__LbssCOMMON                bssCOMMON    000000
__Lcinit                    cinit        000013
__Lclrtext                  clrtext      000000
__Lcode                     code         000000
__Lcommon                   common       000000
__Lconfig                   config       000000
__LcstackBANK0              cstackBANK0  000000
__LcstackBANK1              cstackBANK1  000000
__LcstackBANK3              cstackBANK3  000000
__LcstackCOMMON             cstackCOMMON 000000
__Leeprom_data              eeprom_data  000000
__Lend_init                 end_init     000010
__Lfunctab                  functab      000000
__Lheap                     heap         000000
__Linit                     init         000010
__Lintentry                 intentry     000004
__Lmaintext                 maintext     000000
__Lpowerup                  powerup      000000
__Lram                      ram          000000
__Lreset_vec                reset_vec    000000
__Lsfr0                     sfr0         000000
__Lsfr1                     sfr1         000000
__Lsfr2                     sfr2         000000
__Lsfr3                     sfr3         000000
__Lsivt                     sivt         000010
__Lspace_0                  (abs)        000000
__Lspace_1                  (abs)        000000
__Lspace_2                  (abs)        000000
__Lspace_3                  (abs)        000000
__Lspace_4                  (abs)        000000
__Lstack                    stack        000000
__Lstrings                  strings      000000
__Ltext                     text         000000
__S0                        (abs)        002000
__S1                        (abs)        0001CF
__S3                        (abs)        000000
__Umul8_16                  text21       001EC5
__Umul8_16@multiplicand     cstackBANK0  000020
__Umul8_16@multiplier       cstackBANK0  000028
__Umul8_16@product          cstackBANK0  000024
__Umul8_16@word_mpld        cstackBANK0  000026
___fladd                    text18       0015A8
___fladd@a                  cstackBANK0  000024
___fladd@aexp               cstackBANK0  000031
___fladd@b                  cstackBANK0  000020
___fladd@bexp               cstackBANK0  000032
___fladd@grs                cstackBANK0  000033
___fladd@signs              cstackBANK0  000030
___fldiv                    text24       0005D9
___fldiv@a                  cstackBANK0  000048
___fldiv@aexp               cstackBANK0  000061
___fldiv@b                  cstackBANK0  00004C
___fldiv@bexp               cstackBANK0  000060
___fldiv@grs                cstackBANK0  00005C
___fldiv@new_exp            cstackBANK0  00005A
___fldiv@rem                cstackBANK0  000055
___fldiv@sign               cstackBANK0  000059
___fleq                     text23       0007A8
___fleq@ff1                 cstackBANK0  000020
___fleq@ff2                 cstackBANK0  000024
___flge                     text22       001124
___flge@ff1                 cstackBANK0  000048
___flge@ff2                 cstackBANK0  00004C
___flmul                    text20       000CBB
___flmul@a                  cstackBANK0  000032
___flmul@aexp               cstackBANK0  000040
___flmul@b                  cstackBANK0  00002E
___flmul@bexp               cstackBANK0  000041
___flmul@grs                cstackBANK0  00003C
___flmul@prod               cstackBANK0  000042
___flmul@sign               cstackBANK0  00003B
___flmul@temp               cstackBANK0  000046
___flneg                    text19       001DAE
___flneg@f1                 cstackBANK0  000020
___flsub                    text17       001E52
___flsub@a                  cstackBANK0  000048
___flsub@b                  cstackBANK0  00004C
___fltol                    text16       000801
___fltol@exp1               cstackBANK0  000029
___fltol@f1                 cstackBANK0  000020
___fltol@sign1              cstackBANK0  000028
___fpclassifyf              text15       001097
___fpclassifyf@F465         bssBANK3     0001CB
___fpclassifyf@e            cstackBANK0  00002A
___fpclassifyf@u            cstackBANK0  00002C
___fpclassifyf@x            cstackBANK0  000020
___heap_hi                  (abs)        000000
___heap_lo                  (abs)        000000
___int_sp                   stack        000000
___int_stack_hi             stack        000000
___int_stack_lo             stack        000000
___latbits                  (abs)        000002
___sp                       stack        000000
___stack_hi                 stack        000000
___stack_lo                 stack        000000
___stackhi                  (abs)        000000
___stacklo                  (abs)        000000
___wmul                     text5        001E76
___wmul@multiplicand        cstackBANK0  000022
___wmul@multiplier          cstackBANK0  000020
___wmul@product             cstackBANK0  000024
___xxtofl                   text26       0011C8
___xxtofl@arg               cstackBANK0  00002A
___xxtofl@exp               cstackBANK0  000029
___xxtofl@sign              cstackBANK0  000028
___xxtofl@val               cstackBANK0  000020
__end_of_ISR                text28       001039
__end_of_UART_send_string   text27       001F42
__end_of__Umul8_16          text21       001EEE
__end_of___fladd            text18       001800
__end_of___fldiv            text24       0007A8
__end_of___fleq             text23       0007F8
__end_of___flge             text22       0011C8
__end_of___flmul            text20       001000
__end_of___flneg            text19       001DBB
__end_of___flsub            text17       001E76
__end_of___fltol            text16       000879
__end_of___fpclassifyf      text15       001124
__end_of___wmul             text5        001E9D
__end_of___xxtofl           text26       001282
__end_of__initialization    cinit        000029
__end_of__stringtab         strings      001810
__end_of_efgtoa             text6_split_2 0005D9
__end_of_floorf             text14       000A2C
__end_of_fputc              text10       002000
__end_of_fputs              text9        001F6C
__end_of_init_config        text25       001E10
__end_of_labs               text13       001DD2
__end_of_main               maintext     001348
__end_of_memcpy             text12       001EC5
__end_of_pad                text8        001FA6
__end_of_putch              text11       000004
__end_of_read_prec_or_width text4        001097
__end_of_sprintf            text1        001E52
__end_of_strcpy             text7        001DEF
__end_of_vfpfcnvrt          text3        00144B
__end_of_vfprintf           text2        001E31
__end_ofi1_UART_send_string text29       001F18
__initialization            cinit        000013
__pbssBANK2                 bssBANK2     000110
__pbssBANK3                 bssBANK3     0001C7
__pbssCOMMON                bssCOMMON    000079
__pcstackBANK0              cstackBANK0  000020
__pcstackBANK1              cstackBANK1  0000A0
__pcstackBANK3              cstackBANK3  000190
__pcstackCOMMON             cstackCOMMON 000070
__pintentry                 intentry     000004
__pmaintext                 maintext     001282
__pstrings                  strings      001800
__ptext1                    text1        001E31
__ptext10                   text10       001FA6
__ptext11                   text11       000003
__ptext12                   text12       001E9D
__ptext13                   text13       001DBB
__ptext14                   text14       000879
__ptext15                   text15       001097
__ptext16                   text16       000801
__ptext17                   text17       001E52
__ptext18                   text18       0015A8
__ptext19                   text19       001DAE
__ptext2                    text2        001E10
__ptext20                   text20       000CBB
__ptext21                   text21       001EC5
__ptext22                   text22       001124
__ptext23                   text23       0007A8
__ptext24                   text24       0005D9
__ptext25                   text25       001DEF
__ptext26                   text26       0011C8
__ptext27                   text27       001F18
__ptext28                   text28       00100C
__ptext29                   text29       001EEE
__ptext3                    text3        001348
__ptext4                    text4        001039
__ptext5                    text5        001E76
__ptext6                    text6        00144B
__ptext7                    text7        001DD2
__ptext8                    text8        001F6C
__ptext9                    text9        001F42
__stringbase                strings      00180F
__stringtab                 strings      001800
_dbuf                       bssBANK2     000110
_efgtoa                     text6        00144B
_efgtoa$861                 cstackBANK1  0000B5
_flags                      bssCOMMON    00007D
_floorf                     text14       000879
_fputc                      text10       001FA6
_fputs                      text9        001F42
_init_config                text25       001DEF
_labs                       text13       001DBB
_main                       maintext     001282
_memcpy                     text12       001E9D
_pad                        text8        001F6C
_prec                       bssCOMMON    00007B
_putch                      text11       000003
_read_prec_or_width         text4        001039
_sprintf                    text1        001E31
_strcpy                     text7        001DD2
_vfpfcnvrt                  text3        001348
_vfprintf                   text2        001E10
_width                      bssCOMMON    000079
btemp                       (abs)        00007E
clear_ram0                  clrtext      0007F8
efgtoa@c                    cstackBANK1  0000AE
efgtoa@d                    cstackBANK1  0000BA
efgtoa@e                    cstackBANK1  0000BF
efgtoa@f                    cstackBANK1  0000AA
efgtoa@fp                   cstackBANK1  0000BE
efgtoa@g                    cstackBANK1  0000D4
efgtoa@h                    cstackBANK1  0000C9
efgtoa@i                    cstackBANK1  0000C7
efgtoa@l                    cstackBANK1  0000CD
efgtoa@m                    cstackBANK1  0000BC
efgtoa@mode                 cstackBANK1  0000B8
efgtoa@n                    cstackBANK1  0000D2
efgtoa@ne                   cstackBANK1  0000AF
efgtoa@nmode                cstackBANK1  0000B9
efgtoa@ou                   cstackBANK1  0000C3
efgtoa@p                    cstackBANK1  0000B1
efgtoa@pp                   cstackBANK1  0000B7
efgtoa@sign                 cstackBANK1  0000D1
efgtoa@t                    cstackBANK1  0000B3
efgtoa@u                    cstackBANK1  0000D8
efgtoa@w                    cstackBANK1  0000C1
end_of_initialization       cinit        000029
floorf@F521                 bssBANK3     0001C7
floorf@e                    cstackBANK1  0000A4
floorf@m                    cstackBANK1  0000A0
floorf@u                    cstackBANK1  0000A6
floorf@x                    cstackBANK0  000062
fputc@c                     cstackBANK0  000020
fputc@fp                    cstackBANK0  000022
fputs@c                     cstackBANK0  00002B
fputs@fp                    cstackBANK0  000028
fputs@i                     cstackBANK0  00002C
fputs@s                     cstackBANK0  00002E
i1UART_send_string@str      cstackCOMMON 000070
i1_UART_send_string         text29       001EEE
interrupt_function          intentry     000004
intlevel0                   functab      000000
intlevel1                   functab      000000
intlevel2                   functab      000000
intlevel3                   functab      000000
intlevel4                   functab      000000
intlevel5                   functab      000000
labs@a                      cstackBANK0  000020
main@adc_value              cstackBANK3  0001C5
main@buffer                 cstackBANK3  0001A1
main@voltage                cstackBANK3  0001C1
memcpy@d                    cstackBANK0  000025
memcpy@d1                   cstackBANK0  000024
memcpy@n                    cstackBANK0  000021
memcpy@s                    cstackBANK0  000026
memcpy@s1                   cstackBANK0  000020
memcpy@tmp                  cstackBANK0  000023
pad@buf                     cstackBANK0  00002F
pad@fp                      cstackBANK0  000035
pad@i                       cstackBANK0  000033
pad@p                       cstackBANK0  000030
pnum$text6                  (abs)        000012
pnum$text6_split_1          (abs)        00002C
pnum$text6_split_2          (abs)        00002D
psplit$0                    (abs)        12002C
psplit$1                    (abs)        2C002D
read_prec_or_width@ap       cstackBANK0  000026
read_prec_or_width@c        cstackBANK0  000028
read_prec_or_width@fmt      cstackBANK0  00002B
read_prec_or_width@n        cstackBANK0  000029
reset_vec                   reset_vec    000000
saved_w                     (abs)        00007E
sprintf@ap                  cstackBANK3  000192
sprintf@f                   cstackBANK3  000193
sprintf@fmt                 cstackBANK1  0000EB
sprintf@s                   cstackBANK3  000191
start                       init         000010
start_initialization        cinit        000013
strcpy@d                    cstackBANK0  000021
strcpy@dest                 cstackBANK0  000022
strcpy@src                  cstackBANK0  000020
vfpfcnvrt@ap                cstackBANK1  0000DD
vfpfcnvrt@c                 cstackBANK1  0000E5
vfpfcnvrt@convarg           cstackBANK1  0000E0
vfpfcnvrt@cp                cstackBANK1  0000E6
vfpfcnvrt@fmt               cstackBANK1  0000DC
vfpfcnvrt@fp                cstackBANK1  0000E4
vfprintf@ap                 cstackBANK1  0000E8
vfprintf@cfmt               cstackBANK1  0000EA
vfprintf@fmt                cstackBANK1  0000E7
vfprintf@fp                 cstackBANK1  0000E9
wtemp0                      (abs)        00007E


MODULE INFORMATION

Module		Function		Class		Link	Load	Size
C:\Program Files\Microchip\xc8\v2.46\pic\sources\c99\common\fltol.c
		___fltol       		CODE           	0801	0000	120

C:\Program Files\Microchip\xc8\v2.46\pic\sources\c99\common\fltol.c estimated size: 120

C:\Program Files\Microchip\xc8\v2.46\pic\sources\c99\common\Umul8_16.c
		__Umul8_16     		CODE           	1EC5	0000	41

C:\Program Files\Microchip\xc8\v2.46\pic\sources\c99\common\Umul8_16.c estimated size: 41

C:\Program Files\Microchip\xc8\v2.46\pic\sources\c99\common\floorf.c
		_floorf        		CODE           	0879	0000	435

C:\Program Files\Microchip\xc8\v2.46\pic\sources\c99\common\floorf.c estimated size: 435

C:\Program Files\Microchip\xc8\v2.46\pic\sources\c99\common\nf_fputc.c
		_fputc         		CODE           	1FA6	0000	90

C:\Program Files\Microchip\xc8\v2.46\pic\sources\c99\common\nf_fputc.c estimated size: 90

C:\Program Files\Microchip\xc8\v2.46\pic\sources\c99\common\xxtofl.c
		___xxtofl      		CODE           	11C8	0000	186

C:\Program Files\Microchip\xc8\v2.46\pic\sources\c99\common\xxtofl.c estimated size: 186

C:\Program Files\Microchip\xc8\v2.46\pic\sources\c99\common\flneg.c
		___flneg       		CODE           	1DAE	0000	13

C:\Program Files\Microchip\xc8\v2.46\pic\sources\c99\common\flneg.c estimated size: 13

C:\Program Files\Microchip\xc8\v2.46\pic\sources\c99\common\__fpclassifyf.c
		___fpclassifyf 		CODE           	1097	0000	141

C:\Program Files\Microchip\xc8\v2.46\pic\sources\c99\common\__fpclassifyf.c estimated size: 141

C:\Program Files\Microchip\xc8\v2.46\pic\sources\c99\common\sprcmul.c
		___flmul       		CODE           	0CBB	0000	837

C:\Program Files\Microchip\xc8\v2.46\pic\sources\c99\common\sprcmul.c estimated size: 837

C:\Program Files\Microchip\xc8\v2.46\pic\sources\c99\common\strcpy.c
		_strcpy        		CODE           	1DD2	0000	29

C:\Program Files\Microchip\xc8\v2.46\pic\sources\c99\common\strcpy.c estimated size: 29

newmain.c
		_ISR           		CODE           	100C	0000	45
		_main          		CODE           	1282	0000	198
		_UART_send_string		CODE           	1F18	0000	42
		_init_config   		CODE           	1DEF	0000	33

newmain.c estimated size: 318

C:\Program Files\Microchip\xc8\v2.46\pic\sources\c99\common\sprcdiv.c
		___fldiv       		CODE           	05D9	0000	463

C:\Program Files\Microchip\xc8\v2.46\pic\sources\c99\common\sprcdiv.c estimated size: 463

C:\Program Files\Microchip\xc8\v2.46\pic\sources\c99\common\fleq.c
		___fleq        		CODE           	07A8	0000	80

C:\Program Files\Microchip\xc8\v2.46\pic\sources\c99\common\fleq.c estimated size: 80

C:\Program Files\Microchip\xc8\v2.46\pic\sources\c99\common\doprnt.c
		_read_prec_or_width		CODE           	1039	0000	94
		_vfpfcnvrt     		CODE           	1348	0000	259
		_efgtoa        		CODE           	144B	0000	2456
		_pad           		CODE           	1F6C	0000	58
		_vfprintf      		CODE           	1E10	0000	33

C:\Program Files\Microchip\xc8\v2.46\pic\sources\c99\common\doprnt.c estimated size: 2900

C:\Program Files\Microchip\xc8\v2.46\pic\sources\c99\common\nf_sprintf.c
		_sprintf       		CODE           	1E31	0000	33

C:\Program Files\Microchip\xc8\v2.46\pic\sources\c99\common\nf_sprintf.c estimated size: 33

shared
		__stringtab    		STRING         	1800	0000	16
		__initialization		CODE           	0013	0000	22
		i1_UART_send_string		CODE           	1EEE	0000	42

shared estimated size: 80

C:\Program Files\Microchip\xc8\v2.46\pic\sources\c99\common\putch.c
		_putch         		CODE           	0003	0000	1

C:\Program Files\Microchip\xc8\v2.46\pic\sources\c99\common\putch.c estimated size: 1

C:\Program Files\Microchip\xc8\v2.46\pic\sources\c99\common\Umul16.c
		___wmul        		CODE           	1E76	0000	39

C:\Program Files\Microchip\xc8\v2.46\pic\sources\c99\common\Umul16.c estimated size: 39

C:\Program Files\Microchip\xc8\v2.46\pic\sources\c99\common\nf_fputs.c
		_fputs         		CODE           	1F42	0000	42

C:\Program Files\Microchip\xc8\v2.46\pic\sources\c99\common\nf_fputs.c estimated size: 42

C:\Program Files\Microchip\xc8\v2.46\pic\sources\c99\common\sprcadd.c
		___flsub       		CODE           	1E52	0000	36
		___fladd       		CODE           	15A8	0000	600

C:\Program Files\Microchip\xc8\v2.46\pic\sources\c99\common\sprcadd.c estimated size: 636

C:\Program Files\Microchip\xc8\v2.46\pic\sources\c99\common\memcpy.c
		_memcpy        		CODE           	1E9D	0000	40

C:\Program Files\Microchip\xc8\v2.46\pic\sources\c99\common\memcpy.c estimated size: 40

C:\Program Files\Microchip\xc8\v2.46\pic\sources\c99\common\labs.c
		_labs          		CODE           	1DBB	0000	23

C:\Program Files\Microchip\xc8\v2.46\pic\sources\c99\common\labs.c estimated size: 23

C:\Program Files\Microchip\xc8\v2.46\pic\sources\c99\common\flge.c
		___flge        		CODE           	1124	0000	164

C:\Program Files\Microchip\xc8\v2.46\pic\sources\c99\common\flge.c estimated size: 164

